
======== GPU REPORT ========

==============NVSMI LOG==============

Timestamp                                 : Tue Oct 10 15:49:36 2023
Driver Version                            : 535.86.10
CUDA Version                              : 12.2

Attached GPUs                             : 1
GPU 00000000:C4:00.0
    Accounting Mode                       : Enabled
    Accounting Mode Buffer Size           : 4000
    Accounted Processes
        Process ID                        : 17994
            GPU Utilization               : 5 %
            Memory Utilization            : 2 %
            Max memory usage              : 952 MiB
            Time                          : 1331289 ms
            Is Running                    : 0
        Process ID                        : 36679
            GPU Utilization               : 0 %
            Memory Utilization            : 0 %
            Max memory usage              : 252 MiB
            Time                          : 20898 ms
            Is Running                    : 0
        Process ID                        : 37753
            GPU Utilization               : 4 %
            Memory Utilization            : 2 %
            Max memory usage              : 1330 MiB
            Time                          : 51745 ms
            Is Running                    : 0
        Process ID                        : 41308
            GPU Utilization               : 5 %
            Memory Utilization            : 2 %
            Max memory usage              : 1330 MiB
            Time                          : 711865 ms
            Is Running                    : 0
        Process ID                        : 51207
            GPU Utilization               : 0 %
            Memory Utilization            : 0 %
            Max memory usage              : 298 MiB
            Time                          : 11149 ms
            Is Running                    : 0
        Process ID                        : 53114
            GPU Utilization               : 5 %
            Memory Utilization            : 2 %
            Max memory usage              : 1330 MiB
            Time                          : 325084 ms
            Is Running                    : 0
        Process ID                        : 57724
            GPU Utilization               : 5 %
            Memory Utilization            : 2 %
            Max memory usage              : 1330 MiB
            Time                          : 3306125 ms
            Is Running                    : 0
        Process ID                        : 60334
            GPU Utilization               : 1 %
            Memory Utilization            : 0 %
            Max memory usage              : 34168 MiB
            Time                          : 17252 ms
            Is Running                    : 0
        Process ID                        : 60981
            GPU Utilization               : 14 %
            Memory Utilization            : 11 %
            Max memory usage              : 4550 MiB
            Time                          : 190844 ms
            Is Running                    : 0
        Process ID                        : 64495
            GPU Utilization               : 19 %
            Memory Utilization            : 15 %
            Max memory usage              : 43402 MiB
            Time                          : 20388 ms
            Is Running                    : 0
        Process ID                        : 51664
            GPU Utilization               : 0 %
            Memory Utilization            : 0 %
            Max memory usage              : 1330 MiB
            Time                          : 5759822 ms
            Is Running                    : 0
        Process ID                        : 4404
            GPU Utilization               : 0 %
            Memory Utilization            : 0 %
            Max memory usage              : 468 MiB
            Time                          : 9216224 ms
            Is Running                    : 0

Tue Oct 10 15:49:36 2023       
+---------------------------------------------------------------------------------------+
| NVIDIA-SMI 535.86.10              Driver Version: 535.86.10    CUDA Version: 12.2     |
|-----------------------------------------+----------------------+----------------------+
| GPU  Name                 Persistence-M | Bus-Id        Disp.A | Volatile Uncorr. ECC |
| Fan  Temp   Perf          Pwr:Usage/Cap |         Memory-Usage | GPU-Util  Compute M. |
|                                         |                      |               MIG M. |
|=========================================+======================+======================|
|   0  Quadro RTX 8000                On  | 00000000:C4:00.0 Off |                 Off* |
| 33%   35C    P0              63W / 260W |      1MiB / 49152MiB |      4%      Default |
|                                         |                      |                  N/A |
+-----------------------------------------+----------------------+----------------------+
                                                                                         
+---------------------------------------------------------------------------------------+
| Processes:                                                                            |
|  GPU   GI   CI        PID   Type   Process name                            GPU Memory |
|        ID   ID                                                             Usage      |
|=======================================================================================|
|  No running processes found                                                           |
+---------------------------------------------------------------------------------------+
